// Jest Snapshot v1, https://goo.gl/fbAQLP

exports[`.not.toChangeBy fails when a value expected not to change defies all expectations and changes 1`] = `
"<dim>expect(</intensity><red>received</color><dim>).not.toChangeBy()</intensity>

Expected value to not change by 1, received:
  <red>1</color>"
`;

exports[`.not.toChangeBy fails when mutating a counter 1`] = `
"<dim>expect(</intensity><red>received</color><dim>).not.toChangeBy()</intensity>

Expected value to not change by 1, received:
  <red>1</color>"
`;

exports[`.toChangeBy fails when a given value does not increment 1`] = `
"<dim>expect(</intensity><red>received</color><dim>).toChangeBy()</intensity>

Expected value to change by 1, received:
  <red>0</color>"
`;

exports[`.toChangeBy fails when not mutating a counter 1`] = `
"<dim>expect(</intensity><red>received</color><dim>).toChangeBy()</intensity>

Expected value to change by 1, received:
  <red>0</color>"
`;
