// Jest Snapshot v1, https://goo.gl/fbAQLP

exports[`.not.toContainEntries fails when object contains all of the given entries 1`] = `
"<dim>expect(</><red>received</><dim>).not.toContainEntries(</><green>expected</><dim>)</>

Expected object to not contain all of the given entries:
  <green>[[\\"b\\", \\"bar\\"], [\\"c\\", \\"baz\\"]]</>
Received:
  <red>{\\"a\\": \\"foo\\", \\"b\\": \\"bar\\", \\"c\\": \\"baz\\"}</>"
`;

exports[`.toContainEntries fails when object does not contain all of the given entries 1`] = `
"<dim>expect(</><red>received</><dim>).toContainEntries(</><green>expected</><dim>)</>

Expected object to contain all of the given entries:
  <green>[\\"b\\", \\"foo\\"]</>
Received:
  <red>{\\"a\\": \\"foo\\", \\"b\\": \\"bar\\", \\"c\\": \\"baz\\"}</>"
`;
