// Jest Snapshot v1, https://goo.gl/fbAQLP

exports[`.not.toContainAllEntries fails when object only contains all of the given entries 1`] = `
"<dim>expect(</intensity><red>received</color><dim>).not.toContainAllEntries(</intensity><green>expected</color><dim>)</intensity>

Expected object to not only contain all of the given entries:
  <green>[["b", "bar"], ["a", "foo"], ["c", "baz"]]</color>
Received:
  <red>{"a": "foo", "b": "bar", "c": "baz"}</color>"
`;

exports[`.toContainAllEntries fails when actual is not an object 1`] = `
"<dim>expect(</intensity><red>received</color><dim>).toContainAllEntries(</intensity><green>expected</color><dim>)</intensity>

Expected object to only contain all of the given entries:
  <green>[["a", "foo"], ["b", "bar"]]</color>
Received:
  <red>null</color>"
`;

exports[`.toContainAllEntries fails when actual is not an object 2`] = `
"<dim>expect(</intensity><red>received</color><dim>).toContainAllEntries(</intensity><green>expected</color><dim>)</intensity>

Expected object to only contain all of the given entries:
  <green>[["a", "foo"], ["b", "bar"]]</color>
Received:
  <red>42</color>"
`;

exports[`.toContainAllEntries fails when object does not only contain all of the given entries 1`] = `
"<dim>expect(</intensity><red>received</color><dim>).toContainAllEntries(</intensity><green>expected</color><dim>)</intensity>

Expected object to only contain all of the given entries:
  <green>[["a", "foo"], ["b", "bar"]]</color>
Received:
  <red>{"a": "foo", "b": "bar", "c": "baz"}</color>"
`;

exports[`toContainAllEntries with custom equality tester fails when custom equality returns false on one of the values 1`] = `
"<dim>expect(</intensity><red>received</color><dim>).toContainAllEntries(</intensity><green>expected</color><dim>)</intensity>

Expected object to only contain all of the given entries:
  <green>[["a", "foo"], ["b", "bar"], ["c", "baz"]]</color>
Received:
  <red>{"a": "foo", "b": "bar", "c": "baz"}</color>"
`;
