// Jest Snapshot v1, https://goo.gl/fbAQLP

exports[`.not.toSatisfyAll fails when all values satisfy predicate 1`] = `
"<dim>expect(</intensity><red>received</color><dim>).not.toSatisfyAll(</intensity><green>expected</color><dim>)</intensity>

Expected array to not satisfy predicate for all values:
  <green>[Function isOdd]</color>
Received:
  <red>[1, 3, 5, 7]</color>
Failed on:
  <red>1</color>"
`;

exports[`.toSatisfyAll fails when any value does not satisfy the predicate 1`] = `
"<dim>expect(</intensity><red>received</color><dim>).toSatisfyAll(</intensity><green>expected</color><dim>)</intensity>

Expected array to satisfy predicate for all values:
  <green>[Function isOdd]</color>
Received:
  <red>[1, 3, 4, 5]</color>
Failed on:
  <red>4</color>"
`;
