// Jest Snapshot v1, https://goo.gl/fbAQLP

exports[`.not.toContainAllEntries fails when object only contains all of the given entries 1`] = `
"expect(received).not.toContainAllEntries(expected)

Expected object to not only contain all of the given entries:
  [[\\"b\\", \\"bar\\"], [\\"a\\", \\"foo\\"], [\\"c\\", \\"baz\\"]]
Received:
  {\\"a\\": \\"foo\\", \\"b\\": \\"bar\\", \\"c\\": \\"baz\\"}"
`;

exports[`.toContainAllEntries fails when object does not only contain all of the given entries 1`] = `
"expect(received).toContainAllEntries(expected)

Expected object to only contain all of the given entries:
  [[\\"a\\", \\"foo\\"], [\\"b\\", \\"bar\\"]]
Received:
  {\\"a\\": \\"foo\\", \\"b\\": \\"bar\\", \\"c\\": \\"baz\\"}"
`;
